
> agent-artifact-viewer@0.1.0 test:run
> vitest run


[1m[46m RUN [49m[22m [36mv4.0.18 [39m[90mD:/code/oss/agent-artifact-viewer[39m

 [31m❯[39m src/smoke.test.ts [2m([22m[2m0 test[22m[2m)[22m
 [31m❯[39m temp_icons/test/index.test.ts [2m([22m[2m0 test[22m[2m)[22m
 [31m❯[39m temp_icons/test/uninstall.test.ts [2m([22m[2m0 test[22m[2m)[22m
 [31m❯[39m temp_icons/test/common/bundler.test.ts [2m([22m[2m0 test[22m[2m)[22m
 [31m❯[39m temp_icons/test/common/errorHandler.test.ts [2m([22m[2m0 test[22m[2m)[22m
 [31m❯[39m temp_icons/test/common/debugger.test.ts [2m([22m[2m0 test[22m[2m)[22m
 [31m❯[39m temp_icons/test/app/commands.test.ts [2m([22m[2m0 test[22m[2m)[22m
 [31m❯[39m temp_icons/test/app/actions.test.ts [2m([22m[2m0 test[22m[2m)[22m
 [31m❯[39m temp_icons/test/app/eventListeners.test.ts [2m([22m[2m0 test[22m[2m)[22m
 [31m❯[39m temp_icons/test/app/extensionManager.test.ts [2m([22m[2m0 test[22m[2m)[22m
 [31m❯[39m temp_icons/test/app/messages.test.ts [2m([22m[2m0 test[22m[2m)[22m
 [31m❯[39m temp_icons/test/i18n/i18nManager.test.ts [2m([22m[2m0 test[22m[2m)[22m
 [31m❯[39m temp_icons/test/app/specs.test.ts [2m([22m[2m0 test[22m[2m)[22m
 [31m❯[39m temp_icons/test/configuration/configManager.test.ts [2m([22m[2m0 test[22m[2m)[22m
 [31m❯[39m temp_icons/test/pad/nestjsDetection.test.ts [2m([22m[2m0 test[22m[2m)[22m
 [31m❯[39m temp_icons/test/iconsManifest/specsFolders.test.ts [2m([22m[2m0 test[22m[2m)[22m
 [31m❯[39m temp_icons/test/iconsManifest/specsExtensions.test.ts [2m([22m[2m0 test[22m[2m)[22m
 [31m❯[39m temp_icons/test/services/compositionRoot.test.ts [2m([22m[2m0 test[22m[2m)[22m
 [31m❯[39m temp_icons/test/pad/projectAutoDetectionManager.test.ts [2m([22m[2m0 test[22m[2m)[22m
 [31m❯[39m temp_icons/test/notification/notificationManager.test.ts [2m([22m[2m0 test[22m[2m)[22m
 [31m❯[39m temp_icons/test/utils/utils.test.ts [2m([22m[2m0 test[22m[2m)[22m
 [31m❯[39m temp_icons/test/pad/angularDetection.test.ts [2m([22m[2m0 test[22m[2m)[22m
 [31m❯[39m temp_icons/test/settings/settingsManager.test.ts [2m([22m[2m0 test[22m[2m)[22m
 [31m❯[39m temp_icons/test/vscode/vscodeManager.test.ts [2m([22m[2m0 test[22m[2m)[22m
 [31m❯[39m temp_icons/test/tools/build.test.ts [2m([22m[2m0 test[22m[2m)[22m
 [31m❯[39m temp_icons/test/tools/bundle.test.ts [2m([22m[2m0 test[22m[2m)[22m
 [31m❯[39m temp_icons/test/iconsManifest/customsMerger/presets.test.ts [2m([22m[2m0 test[22m[2m)[22m
 [31m❯[39m temp_icons/test/iconsManifest/iconsGenerator/iconsGenerator.test.ts [2m([22m[2m0 test[22m[2m)[22m
 [31m❯[39m temp_icons/test/iconsManifest/customsMerger/fileExtensions.test.ts [2m([22m[2m0 test[22m[2m)[22m
 [31m❯[39m temp_icons/test/iconsManifest/customsMerger/defaultExtensions.test.ts [2m([22m[2m0 test[22m[2m)[22m
 [31m❯[39m temp_icons/test/iconsManifest/customsMerger/folderExtensions.test.ts [2m([22m[2m0 test[22m[2m)[22m
 [31m❯[39m temp_icons/test/iconsManifest/manifestReader/manifestReader.test.ts [2m([22m[2m0 test[22m[2m)[22m
 [31m❯[39m temp_icons/test/iconsManifest/manifestBuilder/files.test.ts [2m([22m[2m0 test[22m[2m)[22m
 [31m❯[39m temp_icons/test/iconsManifest/manifestBuilder/folders.test.ts [2m([22m[2m0 test[22m[2m)[22m

⎯⎯⎯⎯⎯⎯ Failed Suites 34 ⎯⎯⎯⎯⎯⎯

 FAIL  src/smoke.test.ts [ src/smoke.test.ts ]
Error: Transform failed with 1 error:
D:/code/oss/agent-artifact-viewer/src/smoke.test.ts:5:39: ERROR: Expected ";" but found "Test"
  Plugin: vite:esbuild
  File: D:/code/oss/agent-artifact-viewer/src/smoke.test.ts:5:39
  
  Expected ";" but found "Test"
  3  |  import React from 'react';
  4  |  
  5  |  const TestComponent = () => <div>Hello Test World</div>;
     |                                         ^
  6  |  
  7  |  describe('Smoke Test', () => {
  
 ❯ failureErrorWithLog node_modules/vitest/node_modules/esbuild/lib/main.js:1467:15
 ❯ node_modules/vitest/node_modules/esbuild/lib/main.js:736:50
 ❯ responseCallbacks.<computed> node_modules/vitest/node_modules/esbuild/lib/main.js:603:9
 ❯ handleIncomingPacket node_modules/vitest/node_modules/esbuild/lib/main.js:658:12
 ❯ Socket.readFromStdout node_modules/vitest/node_modules/esbuild/lib/main.js:581:7

⎯⎯⎯⎯⎯⎯⎯⎯⎯⎯⎯⎯⎯⎯⎯⎯⎯⎯⎯⎯⎯⎯⎯[1/34]⎯

 FAIL  temp_icons/test/index.test.ts [ temp_icons/test/index.test.ts ]
Error: Failed to resolve import "sinon" from "temp_icons/test/index.test.ts". Does the file exist?
  Plugin: vite:import-analysis
  File: D:/code/oss/agent-artifact-viewer/temp_icons/test/index.test.ts:4:23
  1  |  import { expect } from "chai";
  2  |  import * as sinon from "sinon";
     |                          ^
  3  |  import * as proxyq from "proxyquire";
  4  |  import { constants } from "../src/constants";
 ❯ TransformPluginContext._formatLog node_modules/vitest/node_modules/vite/dist/node/chunks/config.js:28999:43
 ❯ TransformPluginContext.error node_modules/vitest/node_modules/vite/dist/node/chunks/config.js:28996:14
 ❯ normalizeUrl node_modules/vitest/node_modules/vite/dist/node/chunks/config.js:27119:18
 ❯ node_modules/vitest/node_modules/vite/dist/node/chunks/config.js:27177:32
 ❯ TransformPluginContext.transform node_modules/vitest/node_modules/vite/dist/node/chunks/config.js:27145:4
 ❯ EnvironmentPluginContainer.transform node_modules/vitest/node_modules/vite/dist/node/chunks/config.js:28797:14
 ❯ loadAndTransform node_modules/vitest/node_modules/vite/dist/node/chunks/config.js:22670:26

⎯⎯⎯⎯⎯⎯⎯⎯⎯⎯⎯⎯⎯⎯⎯⎯⎯⎯⎯⎯⎯⎯⎯[2/34]⎯

 FAIL  temp_icons/test/uninstall.test.ts [ temp_icons/test/uninstall.test.ts ]
Error: Failed to resolve import "sinon" from "temp_icons/test/uninstall.test.ts". Does the file exist?
  Plugin: vite:import-analysis
  File: D:/code/oss/agent-artifact-viewer/temp_icons/test/uninstall.test.ts:4:23
  1  |  import { expect } from "chai";
  2  |  import * as sinon from "sinon";
     |                          ^
  3  |  import * as proxyq from "proxyquire";
  4  |  describe("Uninstall: tests", function() {
 ❯ TransformPluginContext._formatLog node_modules/vitest/node_modules/vite/dist/node/chunks/config.js:28999:43
 ❯ TransformPluginContext.error node_modules/vitest/node_modules/vite/dist/node/chunks/config.js:28996:14
 ❯ normalizeUrl node_modules/vitest/node_modules/vite/dist/node/chunks/config.js:27119:18
 ❯ node_modules/vitest/node_modules/vite/dist/node/chunks/config.js:27177:32
 ❯ TransformPluginContext.transform node_modules/vitest/node_modules/vite/dist/node/chunks/config.js:27145:4
 ❯ EnvironmentPluginContainer.transform node_modules/vitest/node_modules/vite/dist/node/chunks/config.js:28797:14
 ❯ loadAndTransform node_modules/vitest/node_modules/vite/dist/node/chunks/config.js:22670:26

⎯⎯⎯⎯⎯⎯⎯⎯⎯⎯⎯⎯⎯⎯⎯⎯⎯⎯⎯⎯⎯⎯⎯[3/34]⎯

 FAIL  temp_icons/test/common/bundler.test.ts [ temp_icons/test/common/bundler.test.ts ]
Error: Failed to resolve import "sinon" from "temp_icons/test/common/bundler.test.ts". Does the file exist?
  Plugin: vite:import-analysis
  File: D:/code/oss/agent-artifact-viewer/temp_icons/test/common/bundler.test.ts:5:23
  1  |  import { expect } from "chai";
  2  |  import { join } from "path";
  3  |  import * as sinon from "sinon";
     |                          ^
  4  |  import { Bundler } from "../../src/common/bundler";
  5  |  import * as fsAsync from "../../src/common/fsAsync";
 ❯ TransformPluginContext._formatLog node_modules/vitest/node_modules/vite/dist/node/chunks/config.js:28999:43
 ❯ TransformPluginContext.error node_modules/vitest/node_modules/vite/dist/node/chunks/config.js:28996:14
 ❯ normalizeUrl node_modules/vitest/node_modules/vite/dist/node/chunks/config.js:27119:18
 ❯ node_modules/vitest/node_modules/vite/dist/node/chunks/config.js:27177:32
 ❯ TransformPluginContext.transform node_modules/vitest/node_modules/vite/dist/node/chunks/config.js:27145:4
 ❯ EnvironmentPluginContainer.transform node_modules/vitest/node_modules/vite/dist/node/chunks/config.js:28797:14
 ❯ loadAndTransform node_modules/vitest/node_modules/vite/dist/node/chunks/config.js:22670:26

⎯⎯⎯⎯⎯⎯⎯⎯⎯⎯⎯⎯⎯⎯⎯⎯⎯⎯⎯⎯⎯⎯⎯[4/34]⎯

 FAIL  temp_icons/test/common/debugger.test.ts [ temp_icons/test/common/debugger.test.ts ]
Error: Failed to resolve import "sinon" from "temp_icons/test/common/debugger.test.ts". Does the file exist?
  Plugin: vite:import-analysis
  File: D:/code/oss/agent-artifact-viewer/temp_icons/test/common/debugger.test.ts:4:23
  1  |  import { expect } from "chai";
  2  |  import * as sinon from "sinon";
     |                          ^
  3  |  import { Debugger } from "../../src/common/debugger";
  4  |  describe("Bundler: tests", function() {
 ❯ TransformPluginContext._formatLog node_modules/vitest/node_modules/vite/dist/node/chunks/config.js:28999:43
 ❯ TransformPluginContext.error node_modules/vitest/node_modules/vite/dist/node/chunks/config.js:28996:14
 ❯ normalizeUrl node_modules/vitest/node_modules/vite/dist/node/chunks/config.js:27119:18
 ❯ node_modules/vitest/node_modules/vite/dist/node/chunks/config.js:27177:32
 ❯ TransformPluginContext.transform node_modules/vitest/node_modules/vite/dist/node/chunks/config.js:27145:4
 ❯ EnvironmentPluginContainer.transform node_modules/vitest/node_modules/vite/dist/node/chunks/config.js:28797:14
 ❯ loadAndTransform node_modules/vitest/node_modules/vite/dist/node/chunks/config.js:22670:26

⎯⎯⎯⎯⎯⎯⎯⎯⎯⎯⎯⎯⎯⎯⎯⎯⎯⎯⎯⎯⎯⎯⎯[5/34]⎯

 FAIL  temp_icons/test/common/errorHandler.test.ts [ temp_icons/test/common/errorHandler.test.ts ]
Error: Failed to resolve import "sinon" from "temp_icons/test/common/errorHandler.test.ts". Does the file exist?
  Plugin: vite:import-analysis
  File: D:/code/oss/agent-artifact-viewer/temp_icons/test/common/errorHandler.test.ts:4:23
  1  |  import { expect } from "chai";
  2  |  import * as sinon from "sinon";
     |                          ^
  3  |  import { ErrorHandler } from "../../src/common/errorHandler";
  4  |  describe("ErrorHandler: tests", function() {
 ❯ TransformPluginContext._formatLog node_modules/vitest/node_modules/vite/dist/node/chunks/config.js:28999:43
 ❯ TransformPluginContext.error node_modules/vitest/node_modules/vite/dist/node/chunks/config.js:28996:14
 ❯ normalizeUrl node_modules/vitest/node_modules/vite/dist/node/chunks/config.js:27119:18
 ❯ node_modules/vitest/node_modules/vite/dist/node/chunks/config.js:27177:32
 ❯ TransformPluginContext.transform node_modules/vitest/node_modules/vite/dist/node/chunks/config.js:27145:4
 ❯ EnvironmentPluginContainer.transform node_modules/vitest/node_modules/vite/dist/node/chunks/config.js:28797:14
 ❯ loadAndTransform node_modules/vitest/node_modules/vite/dist/node/chunks/config.js:22670:26

⎯⎯⎯⎯⎯⎯⎯⎯⎯⎯⎯⎯⎯⎯⎯⎯⎯⎯⎯⎯⎯⎯⎯[6/34]⎯

 FAIL  temp_icons/test/app/actions.test.ts [ temp_icons/test/app/actions.test.ts ]
Error: Failed to resolve import "lodash" from "temp_icons/test/app/actions.test.ts". Does the file exist?
  Plugin: vite:import-analysis
  File: D:/code/oss/agent-artifact-viewer/temp_icons/test/app/actions.test.ts:4:26
  1  |  import { expect } from "chai";
  2  |  import { cloneDeep } from "lodash";
     |                             ^
  3  |  import * as sinon from "sinon";
  4  |  import { ExtensionManager } from "../../src/app/extensionManager";
 ❯ TransformPluginContext._formatLog node_modules/vitest/node_modules/vite/dist/node/chunks/config.js:28999:43
 ❯ TransformPluginContext.error node_modules/vitest/node_modules/vite/dist/node/chunks/config.js:28996:14
 ❯ normalizeUrl node_modules/vitest/node_modules/vite/dist/node/chunks/config.js:27119:18
 ❯ node_modules/vitest/node_modules/vite/dist/node/chunks/config.js:27177:32
 ❯ TransformPluginContext.transform node_modules/vitest/node_modules/vite/dist/node/chunks/config.js:27145:4
 ❯ EnvironmentPluginContainer.transform node_modules/vitest/node_modules/vite/dist/node/chunks/config.js:28797:14
 ❯ loadAndTransform node_modules/vitest/node_modules/vite/dist/node/chunks/config.js:22670:26

⎯⎯⎯⎯⎯⎯⎯⎯⎯⎯⎯⎯⎯⎯⎯⎯⎯⎯⎯⎯⎯⎯⎯[7/34]⎯

 FAIL  temp_icons/test/app/commands.test.ts [ temp_icons/test/app/commands.test.ts ]
Error: Failed to resolve import "sinon" from "temp_icons/test/app/commands.test.ts". Does the file exist?
  Plugin: vite:import-analysis
  File: D:/code/oss/agent-artifact-viewer/temp_icons/test/app/commands.test.ts:4:23
  1  |  import { expect } from "chai";
  2  |  import * as sinon from "sinon";
     |                          ^
  3  |  import { ExtensionManager } from "../../src/app/extensionManager";
  4  |  import { ConfigManager } from "../../src/configuration/configManager";
 ❯ TransformPluginContext._formatLog node_modules/vitest/node_modules/vite/dist/node/chunks/config.js:28999:43
 ❯ TransformPluginContext.error node_modules/vitest/node_modules/vite/dist/node/chunks/config.js:28996:14
 ❯ normalizeUrl node_modules/vitest/node_modules/vite/dist/node/chunks/config.js:27119:18
 ❯ node_modules/vitest/node_modules/vite/dist/node/chunks/config.js:27177:32
 ❯ TransformPluginContext.transform node_modules/vitest/node_modules/vite/dist/node/chunks/config.js:27145:4
 ❯ EnvironmentPluginContainer.transform node_modules/vitest/node_modules/vite/dist/node/chunks/config.js:28797:14
 ❯ loadAndTransform node_modules/vitest/node_modules/vite/dist/node/chunks/config.js:22670:26

⎯⎯⎯⎯⎯⎯⎯⎯⎯⎯⎯⎯⎯⎯⎯⎯⎯⎯⎯⎯⎯⎯⎯[8/34]⎯

 FAIL  temp_icons/test/app/eventListeners.test.ts [ temp_icons/test/app/eventListeners.test.ts ]
Error: Failed to resolve import "lodash" from "temp_icons/test/app/eventListeners.test.ts". Does the file exist?
  Plugin: vite:import-analysis
  File: D:/code/oss/agent-artifact-viewer/temp_icons/test/app/eventListeners.test.ts:4:26
  1  |  import { expect } from "chai";
  2  |  import { cloneDeep } from "lodash";
     |                             ^
  3  |  import * as sinon from "sinon";
  4  |  import { ExtensionManager } from "../../src/app/extensionManager";
 ❯ TransformPluginContext._formatLog node_modules/vitest/node_modules/vite/dist/node/chunks/config.js:28999:43
 ❯ TransformPluginContext.error node_modules/vitest/node_modules/vite/dist/node/chunks/config.js:28996:14
 ❯ normalizeUrl node_modules/vitest/node_modules/vite/dist/node/chunks/config.js:27119:18
 ❯ node_modules/vitest/node_modules/vite/dist/node/chunks/config.js:27177:32
 ❯ TransformPluginContext.transform node_modules/vitest/node_modules/vite/dist/node/chunks/config.js:27145:4
 ❯ EnvironmentPluginContainer.transform node_modules/vitest/node_modules/vite/dist/node/chunks/config.js:28797:14
 ❯ loadAndTransform node_modules/vitest/node_modules/vite/dist/node/chunks/config.js:22670:26

⎯⎯⎯⎯⎯⎯⎯⎯⎯⎯⎯⎯⎯⎯⎯⎯⎯⎯⎯⎯⎯⎯⎯[9/34]⎯

 FAIL  temp_icons/test/app/extensionManager.test.ts [ temp_icons/test/app/extensionManager.test.ts ]
Error: Failed to resolve import "lodash" from "temp_icons/test/app/extensionManager.test.ts". Does the file exist?
  Plugin: vite:import-analysis
  File: D:/code/oss/agent-artifact-viewer/temp_icons/test/app/extensionManager.test.ts:4:26
  1  |  import { expect } from "chai";
  2  |  import { cloneDeep } from "lodash";
     |                             ^
  3  |  import * as path from "path";
  4  |  import * as sinon from "sinon";
 ❯ TransformPluginContext._formatLog node_modules/vitest/node_modules/vite/dist/node/chunks/config.js:28999:43
 ❯ TransformPluginContext.error node_modules/vitest/node_modules/vite/dist/node/chunks/config.js:28996:14
 ❯ normalizeUrl node_modules/vitest/node_modules/vite/dist/node/chunks/config.js:27119:18
 ❯ node_modules/vitest/node_modules/vite/dist/node/chunks/config.js:27177:32
 ❯ TransformPluginContext.transform node_modules/vitest/node_modules/vite/dist/node/chunks/config.js:27145:4
 ❯ EnvironmentPluginContainer.transform node_modules/vitest/node_modules/vite/dist/node/chunks/config.js:28797:14
 ❯ loadAndTransform node_modules/vitest/node_modules/vite/dist/node/chunks/config.js:22670:26

⎯⎯⎯⎯⎯⎯⎯⎯⎯⎯⎯⎯⎯⎯⎯⎯⎯⎯⎯⎯⎯⎯[10/34]⎯

 FAIL  temp_icons/test/app/messages.test.ts [ temp_icons/test/app/messages.test.ts ]
Error: Failed to resolve import "lodash" from "temp_icons/test/app/messages.test.ts". Does the file exist?
  Plugin: vite:import-analysis
  File: D:/code/oss/agent-artifact-viewer/temp_icons/test/app/messages.test.ts:4:26
  1  |  import { expect } from "chai";
  2  |  import { cloneDeep } from "lodash";
     |                             ^
  3  |  import * as sinon from "sinon";
  4  |  import { ExtensionManager } from "../../src/app/extensionManager";
 ❯ TransformPluginContext._formatLog node_modules/vitest/node_modules/vite/dist/node/chunks/config.js:28999:43
 ❯ TransformPluginContext.error node_modules/vitest/node_modules/vite/dist/node/chunks/config.js:28996:14
 ❯ normalizeUrl node_modules/vitest/node_modules/vite/dist/node/chunks/config.js:27119:18
 ❯ node_modules/vitest/node_modules/vite/dist/node/chunks/config.js:27177:32
 ❯ TransformPluginContext.transform node_modules/vitest/node_modules/vite/dist/node/chunks/config.js:27145:4
 ❯ EnvironmentPluginContainer.transform node_modules/vitest/node_modules/vite/dist/node/chunks/config.js:28797:14
 ❯ loadAndTransform node_modules/vitest/node_modules/vite/dist/node/chunks/config.js:22670:26

⎯⎯⎯⎯⎯⎯⎯⎯⎯⎯⎯⎯⎯⎯⎯⎯⎯⎯⎯⎯⎯⎯[11/34]⎯

 FAIL  temp_icons/test/app/specs.test.ts [ temp_icons/test/app/specs.test.ts ]
ReferenceError: before is not defined
 ❯ temp_icons/test/app/specs.test.ts:12:3
     10|   let manifest: IVSCodeManifest;
     11| 
     12|   before(function () {
       |   ^
     13|     manifest = packageJson as IVSCodeManifest;
     14|   });

⎯⎯⎯⎯⎯⎯⎯⎯⎯⎯⎯⎯⎯⎯⎯⎯⎯⎯⎯⎯⎯⎯[12/34]⎯

 FAIL  temp_icons/test/configuration/configManager.test.ts [ temp_icons/test/configuration/configManager.test.ts ]
Error: Failed to resolve import "sinon" from "temp_icons/test/configuration/configManager.test.ts". Does the file exist?
  Plugin: vite:import-analysis
  File: D:/code/oss/agent-artifact-viewer/temp_icons/test/configuration/configManager.test.ts:4:23
  1  |  import { expect } from "chai";
  2  |  import * as sinon from "sinon";
     |                          ^
  3  |  import { cloneDeep } from "lodash";
  4  |  import * as fsAsync from "../../src/common/fsAsync";
 ❯ TransformPluginContext._formatLog node_modules/vitest/node_modules/vite/dist/node/chunks/config.js:28999:43
 ❯ TransformPluginContext.error node_modules/vitest/node_modules/vite/dist/node/chunks/config.js:28996:14
 ❯ normalizeUrl node_modules/vitest/node_modules/vite/dist/node/chunks/config.js:27119:18
 ❯ node_modules/vitest/node_modules/vite/dist/node/chunks/config.js:27177:32
 ❯ TransformPluginContext.transform node_modules/vitest/node_modules/vite/dist/node/chunks/config.js:27145:4
 ❯ EnvironmentPluginContainer.transform node_modules/vitest/node_modules/vite/dist/node/chunks/config.js:28797:14
 ❯ loadAndTransform node_modules/vitest/node_modules/vite/dist/node/chunks/config.js:22670:26

⎯⎯⎯⎯⎯⎯⎯⎯⎯⎯⎯⎯⎯⎯⎯⎯⎯⎯⎯⎯⎯⎯[13/34]⎯

 FAIL  temp_icons/test/i18n/i18nManager.test.ts [ temp_icons/test/i18n/i18nManager.test.ts ]
Error: Failed to resolve import "proxyquire" from "temp_icons/test/i18n/i18nManager.test.ts". Does the file exist?
  Plugin: vite:import-analysis
  File: D:/code/oss/agent-artifact-viewer/temp_icons/test/i18n/i18nManager.test.ts:4:24
  1  |  import { expect } from "chai";
  2  |  import * as proxyq from "proxyquire";
     |                           ^
  3  |  import * as sinon from "sinon";
  4  |  import * as langResourcesJson from "../../../lang.nls.bundle.json";
 ❯ TransformPluginContext._formatLog node_modules/vitest/node_modules/vite/dist/node/chunks/config.js:28999:43
 ❯ TransformPluginContext.error node_modules/vitest/node_modules/vite/dist/node/chunks/config.js:28996:14
 ❯ normalizeUrl node_modules/vitest/node_modules/vite/dist/node/chunks/config.js:27119:18
 ❯ node_modules/vitest/node_modules/vite/dist/node/chunks/config.js:27177:32
 ❯ TransformPluginContext.transform node_modules/vitest/node_modules/vite/dist/node/chunks/config.js:27145:4
 ❯ EnvironmentPluginContainer.transform node_modules/vitest/node_modules/vite/dist/node/chunks/config.js:28797:14
 ❯ loadAndTransform node_modules/vitest/node_modules/vite/dist/node/chunks/config.js:22670:26

⎯⎯⎯⎯⎯⎯⎯⎯⎯⎯⎯⎯⎯⎯⎯⎯⎯⎯⎯⎯⎯⎯[14/34]⎯

 FAIL  temp_icons/test/iconsManifest/specsExtensions.test.ts [ temp_icons/test/iconsManifest/specsExtensions.test.ts ]
Error: Failed to resolve import "lodash" from "temp_icons/test/iconsManifest/specsExtensions.test.ts". Does the file exist?
  Plugin: vite:import-analysis
  File: D:/code/oss/agent-artifact-viewer/temp_icons/test/iconsManifest/specsExtensions.test.ts:4:41
  1  |  import { expect } from "chai";
  2  |  import { isEmpty, isEqual, uniqBy } from "lodash";
     |                                            ^
  3  |  import { join } from "path";
  4  |  import { existsAsync } from "../../src/common/fsAsync";
 ❯ TransformPluginContext._formatLog node_modules/vitest/node_modules/vite/dist/node/chunks/config.js:28999:43
 ❯ TransformPluginContext.error node_modules/vitest/node_modules/vite/dist/node/chunks/config.js:28996:14
 ❯ normalizeUrl node_modules/vitest/node_modules/vite/dist/node/chunks/config.js:27119:18
 ❯ node_modules/vitest/node_modules/vite/dist/node/chunks/config.js:27177:32
 ❯ TransformPluginContext.transform node_modules/vitest/node_modules/vite/dist/node/chunks/config.js:27145:4
 ❯ EnvironmentPluginContainer.transform node_modules/vitest/node_modules/vite/dist/node/chunks/config.js:28797:14
 ❯ loadAndTransform node_modules/vitest/node_modules/vite/dist/node/chunks/config.js:22670:26

⎯⎯⎯⎯⎯⎯⎯⎯⎯⎯⎯⎯⎯⎯⎯⎯⎯⎯⎯⎯⎯⎯[15/34]⎯

 FAIL  temp_icons/test/iconsManifest/specsFolders.test.ts [ temp_icons/test/iconsManifest/specsFolders.test.ts ]
Error: Failed to resolve import "lodash" from "temp_icons/test/iconsManifest/specsFolders.test.ts". Does the file exist?
  Plugin: vite:import-analysis
  File: D:/code/oss/agent-artifact-viewer/temp_icons/test/iconsManifest/specsFolders.test.ts:4:41
  1  |  import { expect } from "chai";
  2  |  import { isEmpty, isEqual, uniqBy } from "lodash";
     |                                            ^
  3  |  import { join } from "path";
  4  |  import { existsAsync } from "../../src/common/fsAsync";
 ❯ TransformPluginContext._formatLog node_modules/vitest/node_modules/vite/dist/node/chunks/config.js:28999:43
 ❯ TransformPluginContext.error node_modules/vitest/node_modules/vite/dist/node/chunks/config.js:28996:14
 ❯ normalizeUrl node_modules/vitest/node_modules/vite/dist/node/chunks/config.js:27119:18
 ❯ node_modules/vitest/node_modules/vite/dist/node/chunks/config.js:27177:32
 ❯ TransformPluginContext.transform node_modules/vitest/node_modules/vite/dist/node/chunks/config.js:27145:4
 ❯ EnvironmentPluginContainer.transform node_modules/vitest/node_modules/vite/dist/node/chunks/config.js:28797:14
 ❯ loadAndTransform node_modules/vitest/node_modules/vite/dist/node/chunks/config.js:22670:26

⎯⎯⎯⎯⎯⎯⎯⎯⎯⎯⎯⎯⎯⎯⎯⎯⎯⎯⎯⎯⎯⎯[16/34]⎯

 FAIL  temp_icons/test/services/compositionRoot.test.ts [ temp_icons/test/services/compositionRoot.test.ts ]
Error: Failed to resolve import "proxyquire" from "temp_icons/test/services/compositionRoot.test.ts". Does the file exist?
  Plugin: vite:import-analysis
  File: D:/code/oss/agent-artifact-viewer/temp_icons/test/services/compositionRoot.test.ts:4:24
  1  |  import { expect } from "chai";
  2  |  import * as proxyq from "proxyquire";
     |                           ^
  3  |  import "reflect-metadata";
  4  |  import * as sinon from "sinon";
 ❯ TransformPluginContext._formatLog node_modules/vitest/node_modules/vite/dist/node/chunks/config.js:28999:43
 ❯ TransformPluginContext.error node_modules/vitest/node_modules/vite/dist/node/chunks/config.js:28996:14
 ❯ normalizeUrl node_modules/vitest/node_modules/vite/dist/node/chunks/config.js:27119:18
 ❯ node_modules/vitest/node_modules/vite/dist/node/chunks/config.js:27177:32
 ❯ TransformPluginContext.transform node_modules/vitest/node_modules/vite/dist/node/chunks/config.js:27145:4
 ❯ EnvironmentPluginContainer.transform node_modules/vitest/node_modules/vite/dist/node/chunks/config.js:28797:14
 ❯ loadAndTransform node_modules/vitest/node_modules/vite/dist/node/chunks/config.js:22670:26

⎯⎯⎯⎯⎯⎯⎯⎯⎯⎯⎯⎯⎯⎯⎯⎯⎯⎯⎯⎯⎯⎯[17/34]⎯

 FAIL  temp_icons/test/notification/notificationManager.test.ts [ temp_icons/test/notification/notificationManager.test.ts ]
Error: Failed to resolve import "sinon" from "temp_icons/test/notification/notificationManager.test.ts". Does the file exist?
  Plugin: vite:import-analysis
  File: D:/code/oss/agent-artifact-viewer/temp_icons/test/notification/notificationManager.test.ts:4:23
  1  |  import { expect } from "chai";
  2  |  import * as sinon from "sinon";
     |                          ^
  3  |  import { VSCodeManager } from "../../src/vscode/vscodeManager";
  4  |  import { LanguageResourceManager } from "../../src/i18n/languageResourceManager";
 ❯ TransformPluginContext._formatLog node_modules/vitest/node_modules/vite/dist/node/chunks/config.js:28999:43
 ❯ TransformPluginContext.error node_modules/vitest/node_modules/vite/dist/node/chunks/config.js:28996:14
 ❯ normalizeUrl node_modules/vitest/node_modules/vite/dist/node/chunks/config.js:27119:18
 ❯ node_modules/vitest/node_modules/vite/dist/node/chunks/config.js:27177:32
 ❯ TransformPluginContext.transform node_modules/vitest/node_modules/vite/dist/node/chunks/config.js:27145:4
 ❯ EnvironmentPluginContainer.transform node_modules/vitest/node_modules/vite/dist/node/chunks/config.js:28797:14
 ❯ loadAndTransform node_modules/vitest/node_modules/vite/dist/node/chunks/config.js:22670:26

⎯⎯⎯⎯⎯⎯⎯⎯⎯⎯⎯⎯⎯⎯⎯⎯⎯⎯⎯⎯⎯⎯[18/34]⎯

 FAIL  temp_icons/test/pad/angularDetection.test.ts [ temp_icons/test/pad/angularDetection.test.ts ]
Error: Failed to resolve import "sinon" from "temp_icons/test/pad/angularDetection.test.ts". Does the file exist?
  Plugin: vite:import-analysis
  File: D:/code/oss/agent-artifact-viewer/temp_icons/test/pad/angularDetection.test.ts:4:23
  1  |  import { expect } from "chai";
  2  |  import * as sinon from "sinon";
     |                          ^
  3  |  import * as fsAsync from "../../src/common/fsAsync";
  4  |  import { ConfigManager } from "../../src/configuration/configManager";
 ❯ TransformPluginContext._formatLog node_modules/vitest/node_modules/vite/dist/node/chunks/config.js:28999:43
 ❯ TransformPluginContext.error node_modules/vitest/node_modules/vite/dist/node/chunks/config.js:28996:14
 ❯ normalizeUrl node_modules/vitest/node_modules/vite/dist/node/chunks/config.js:27119:18
 ❯ node_modules/vitest/node_modules/vite/dist/node/chunks/config.js:27177:32
 ❯ TransformPluginContext.transform node_modules/vitest/node_modules/vite/dist/node/chunks/config.js:27145:4
 ❯ EnvironmentPluginContainer.transform node_modules/vitest/node_modules/vite/dist/node/chunks/config.js:28797:14
 ❯ loadAndTransform node_modules/vitest/node_modules/vite/dist/node/chunks/config.js:22670:26

⎯⎯⎯⎯⎯⎯⎯⎯⎯⎯⎯⎯⎯⎯⎯⎯⎯⎯⎯⎯⎯⎯[19/34]⎯

 FAIL  temp_icons/test/pad/nestjsDetection.test.ts [ temp_icons/test/pad/nestjsDetection.test.ts ]
Error: Failed to resolve import "sinon" from "temp_icons/test/pad/nestjsDetection.test.ts". Does the file exist?
  Plugin: vite:import-analysis
  File: D:/code/oss/agent-artifact-viewer/temp_icons/test/pad/nestjsDetection.test.ts:4:23
  1  |  import { expect } from "chai";
  2  |  import * as sinon from "sinon";
     |                          ^
  3  |  import * as fsAsync from "../../src/common/fsAsync";
  4  |  import { ConfigManager } from "../../src/configuration/configManager";
 ❯ TransformPluginContext._formatLog node_modules/vitest/node_modules/vite/dist/node/chunks/config.js:28999:43
 ❯ TransformPluginContext.error node_modules/vitest/node_modules/vite/dist/node/chunks/config.js:28996:14
 ❯ normalizeUrl node_modules/vitest/node_modules/vite/dist/node/chunks/config.js:27119:18
 ❯ node_modules/vitest/node_modules/vite/dist/node/chunks/config.js:27177:32
 ❯ TransformPluginContext.transform node_modules/vitest/node_modules/vite/dist/node/chunks/config.js:27145:4
 ❯ EnvironmentPluginContainer.transform node_modules/vitest/node_modules/vite/dist/node/chunks/config.js:28797:14
 ❯ loadAndTransform node_modules/vitest/node_modules/vite/dist/node/chunks/config.js:22670:26

⎯⎯⎯⎯⎯⎯⎯⎯⎯⎯⎯⎯⎯⎯⎯⎯⎯⎯⎯⎯⎯⎯[20/34]⎯

 FAIL  temp_icons/test/pad/projectAutoDetectionManager.test.ts [ temp_icons/test/pad/projectAutoDetectionManager.test.ts ]
Error: Failed to resolve import "sinon" from "temp_icons/test/pad/projectAutoDetectionManager.test.ts". Does the file exist?
  Plugin: vite:import-analysis
  File: D:/code/oss/agent-artifact-viewer/temp_icons/test/pad/projectAutoDetectionManager.test.ts:4:23
  1  |  import { expect } from "chai";
  2  |  import * as sinon from "sinon";
     |                          ^
  3  |  import { ErrorHandler } from "../../src/common/errorHandler";
  4  |  import * as fsAsync from "../../src/common/fsAsync";
 ❯ TransformPluginContext._formatLog node_modules/vitest/node_modules/vite/dist/node/chunks/config.js:28999:43
 ❯ TransformPluginContext.error node_modules/vitest/node_modules/vite/dist/node/chunks/config.js:28996:14
 ❯ normalizeUrl node_modules/vitest/node_modules/vite/dist/node/chunks/config.js:27119:18
 ❯ node_modules/vitest/node_modules/vite/dist/node/chunks/config.js:27177:32
 ❯ TransformPluginContext.transform node_modules/vitest/node_modules/vite/dist/node/chunks/config.js:27145:4
 ❯ EnvironmentPluginContainer.transform node_modules/vitest/node_modules/vite/dist/node/chunks/config.js:28797:14
 ❯ loadAndTransform node_modules/vitest/node_modules/vite/dist/node/chunks/config.js:22670:26

⎯⎯⎯⎯⎯⎯⎯⎯⎯⎯⎯⎯⎯⎯⎯⎯⎯⎯⎯⎯⎯⎯[21/34]⎯

 FAIL  temp_icons/test/tools/build.test.ts [ temp_icons/test/tools/build.test.ts ]
Error: Failed to resolve import "sinon" from "temp_icons/test/tools/build.test.ts". Does the file exist?
  Plugin: vite:import-analysis
  File: D:/code/oss/agent-artifact-viewer/temp_icons/test/tools/build.test.ts:4:23
  1  |  import { expect } from "chai";
  2  |  import * as sinon from "sinon";
     |                          ^
  3  |  import * as proxyq from "proxyquire";
  4  |  import { schema } from "../../src/models/iconsManifest/defaultSchema";
 ❯ TransformPluginContext._formatLog node_modules/vitest/node_modules/vite/dist/node/chunks/config.js:28999:43
 ❯ TransformPluginContext.error node_modules/vitest/node_modules/vite/dist/node/chunks/config.js:28996:14
 ❯ normalizeUrl node_modules/vitest/node_modules/vite/dist/node/chunks/config.js:27119:18
 ❯ node_modules/vitest/node_modules/vite/dist/node/chunks/config.js:27177:32
 ❯ TransformPluginContext.transform node_modules/vitest/node_modules/vite/dist/node/chunks/config.js:27145:4
 ❯ EnvironmentPluginContainer.transform node_modules/vitest/node_modules/vite/dist/node/chunks/config.js:28797:14
 ❯ loadAndTransform node_modules/vitest/node_modules/vite/dist/node/chunks/config.js:22670:26

⎯⎯⎯⎯⎯⎯⎯⎯⎯⎯⎯⎯⎯⎯⎯⎯⎯⎯⎯⎯⎯⎯[22/34]⎯

 FAIL  temp_icons/test/tools/bundle.test.ts [ temp_icons/test/tools/bundle.test.ts ]
Error: Failed to resolve import "proxyquire" from "temp_icons/test/tools/bundle.test.ts". Does the file exist?
  Plugin: vite:import-analysis
  File: D:/code/oss/agent-artifact-viewer/temp_icons/test/tools/bundle.test.ts:4:24
  1  |  import { expect } from "chai";
  2  |  import * as proxyq from "proxyquire";
     |                           ^
  3  |  import * as sinon from "sinon";
  4  |  import { ErrorHandler } from "../../src/common/errorHandler";
 ❯ TransformPluginContext._formatLog node_modules/vitest/node_modules/vite/dist/node/chunks/config.js:28999:43
 ❯ TransformPluginContext.error node_modules/vitest/node_modules/vite/dist/node/chunks/config.js:28996:14
 ❯ normalizeUrl node_modules/vitest/node_modules/vite/dist/node/chunks/config.js:27119:18
 ❯ node_modules/vitest/node_modules/vite/dist/node/chunks/config.js:27177:32
 ❯ TransformPluginContext.transform node_modules/vitest/node_modules/vite/dist/node/chunks/config.js:27145:4
 ❯ EnvironmentPluginContainer.transform node_modules/vitest/node_modules/vite/dist/node/chunks/config.js:28797:14
 ❯ loadAndTransform node_modules/vitest/node_modules/vite/dist/node/chunks/config.js:22670:26

⎯⎯⎯⎯⎯⎯⎯⎯⎯⎯⎯⎯⎯⎯⎯⎯⎯⎯⎯⎯⎯⎯[23/34]⎯

 FAIL  temp_icons/test/settings/settingsManager.test.ts [ temp_icons/test/settings/settingsManager.test.ts ]
Error: Failed to resolve import "sinon" from "temp_icons/test/settings/settingsManager.test.ts". Does the file exist?
  Plugin: vite:import-analysis
  File: D:/code/oss/agent-artifact-viewer/temp_icons/test/settings/settingsManager.test.ts:5:23
  1  |  import { expect } from "chai";
  2  |  import * as semver from "semver";
  3  |  import * as sinon from "sinon";
     |                          ^
  4  |  import { ErrorHandler } from "../../src/common/errorHandler";
  5  |  import * as fsAsync from "../../src/common/fsAsync";
 ❯ TransformPluginContext._formatLog node_modules/vitest/node_modules/vite/dist/node/chunks/config.js:28999:43
 ❯ TransformPluginContext.error node_modules/vitest/node_modules/vite/dist/node/chunks/config.js:28996:14
 ❯ normalizeUrl node_modules/vitest/node_modules/vite/dist/node/chunks/config.js:27119:18
 ❯ node_modules/vitest/node_modules/vite/dist/node/chunks/config.js:27177:32
 ❯ TransformPluginContext.transform node_modules/vitest/node_modules/vite/dist/node/chunks/config.js:27145:4
 ❯ EnvironmentPluginContainer.transform node_modules/vitest/node_modules/vite/dist/node/chunks/config.js:28797:14
 ❯ loadAndTransform node_modules/vitest/node_modules/vite/dist/node/chunks/config.js:22670:26

⎯⎯⎯⎯⎯⎯⎯⎯⎯⎯⎯⎯⎯⎯⎯⎯⎯⎯⎯⎯⎯⎯[24/34]⎯

 FAIL  temp_icons/test/utils/utils.test.ts [ temp_icons/test/utils/utils.test.ts ]
Error: Failed to resolve import "proxyquire" from "temp_icons/test/utils/utils.test.ts". Does the file exist?
  Plugin: vite:import-analysis
  File: D:/code/oss/agent-artifact-viewer/temp_icons/test/utils/utils.test.ts:8:24
  2  |  import * as os from "os";
  3  |  import * as path from "path";
  4  |  import * as proxyq from "proxyquire";
     |                           ^
  5  |  import * as sinon from "sinon";
  6  |  import * as fsAsync from "../../src/common/fsAsync";
 ❯ TransformPluginContext._formatLog node_modules/vitest/node_modules/vite/dist/node/chunks/config.js:28999:43
 ❯ TransformPluginContext.error node_modules/vitest/node_modules/vite/dist/node/chunks/config.js:28996:14
 ❯ normalizeUrl node_modules/vitest/node_modules/vite/dist/node/chunks/config.js:27119:18
 ❯ node_modules/vitest/node_modules/vite/dist/node/chunks/config.js:27177:32
 ❯ TransformPluginContext.transform node_modules/vitest/node_modules/vite/dist/node/chunks/config.js:27145:4
 ❯ EnvironmentPluginContainer.transform node_modules/vitest/node_modules/vite/dist/node/chunks/config.js:28797:14
 ❯ loadAndTransform node_modules/vitest/node_modules/vite/dist/node/chunks/config.js:22670:26

⎯⎯⎯⎯⎯⎯⎯⎯⎯⎯⎯⎯⎯⎯⎯⎯⎯⎯⎯⎯⎯⎯[25/34]⎯

 FAIL  temp_icons/test/vscode/vscodeManager.test.ts [ temp_icons/test/vscode/vscodeManager.test.ts ]
Error: Failed to resolve import "sinon" from "temp_icons/test/vscode/vscodeManager.test.ts". Does the file exist?
  Plugin: vite:import-analysis
  File: D:/code/oss/agent-artifact-viewer/temp_icons/test/vscode/vscodeManager.test.ts:4:23
  1  |  import { expect } from "chai";
  2  |  import * as sinon from "sinon";
     |                          ^
  3  |  import * as packageJson from "../../../package.json";
  4  |  import { Utils } from "../../src/utils";
 ❯ TransformPluginContext._formatLog node_modules/vitest/node_modules/vite/dist/node/chunks/config.js:28999:43
 ❯ TransformPluginContext.error node_modules/vitest/node_modules/vite/dist/node/chunks/config.js:28996:14
 ❯ normalizeUrl node_modules/vitest/node_modules/vite/dist/node/chunks/config.js:27119:18
 ❯ node_modules/vitest/node_modules/vite/dist/node/chunks/config.js:27177:32
 ❯ TransformPluginContext.transform node_modules/vitest/node_modules/vite/dist/node/chunks/config.js:27145:4
 ❯ EnvironmentPluginContainer.transform node_modules/vitest/node_modules/vite/dist/node/chunks/config.js:28797:14
 ❯ loadAndTransform node_modules/vitest/node_modules/vite/dist/node/chunks/config.js:22670:26

⎯⎯⎯⎯⎯⎯⎯⎯⎯⎯⎯⎯⎯⎯⎯⎯⎯⎯⎯⎯⎯⎯[26/34]⎯

 FAIL  temp_icons/test/iconsManifest/iconsGenerator/iconsGenerator.test.ts [ temp_icons/test/iconsManifest/iconsGenerator/iconsGenerator.test.ts ]
Error: Failed to resolve import "lodash" from "temp_icons/test/iconsManifest/iconsGenerator/iconsGenerator.test.ts". Does the file exist?
  Plugin: vite:import-analysis
  File: D:/code/oss/agent-artifact-viewer/temp_icons/test/iconsManifest/iconsGenerator/iconsGenerator.test.ts:4:26
  1  |  import { expect } from "chai";
  2  |  import { cloneDeep } from "lodash";
     |                             ^
  3  |  import { resolve } from "path";
  4  |  import * as sinon from "sinon";
 ❯ TransformPluginContext._formatLog node_modules/vitest/node_modules/vite/dist/node/chunks/config.js:28999:43
 ❯ TransformPluginContext.error node_modules/vitest/node_modules/vite/dist/node/chunks/config.js:28996:14
 ❯ normalizeUrl node_modules/vitest/node_modules/vite/dist/node/chunks/config.js:27119:18
 ❯ node_modules/vitest/node_modules/vite/dist/node/chunks/config.js:27177:32
 ❯ TransformPluginContext.transform node_modules/vitest/node_modules/vite/dist/node/chunks/config.js:27145:4
 ❯ EnvironmentPluginContainer.transform node_modules/vitest/node_modules/vite/dist/node/chunks/config.js:28797:14
 ❯ loadAndTransform node_modules/vitest/node_modules/vite/dist/node/chunks/config.js:22670:26

⎯⎯⎯⎯⎯⎯⎯⎯⎯⎯⎯⎯⎯⎯⎯⎯⎯⎯⎯⎯⎯⎯[27/34]⎯

 FAIL  temp_icons/test/iconsManifest/customsMerger/defaultExtensions.test.ts [ temp_icons/test/iconsManifest/customsMerger/defaultExtensions.test.ts ]
Error: Failed to resolve import "sinon" from "temp_icons/test/iconsManifest/customsMerger/defaultExtensions.test.ts". Does the file exist?
  Plugin: vite:import-analysis
  File: D:/code/oss/agent-artifact-viewer/temp_icons/test/iconsManifest/customsMerger/defaultExtensions.test.ts:4:23
  1  |  import { expect } from "chai";
  2  |  import * as sinon from "sinon";
     |                          ^
  3  |  import { CustomsMerger } from "../../../src/iconsManifest/customsMerger";
  4  |  import { extensions as extFiles } from "../../fixtures/supportedExtensions";
 ❯ TransformPluginContext._formatLog node_modules/vitest/node_modules/vite/dist/node/chunks/config.js:28999:43
 ❯ TransformPluginContext.error node_modules/vitest/node_modules/vite/dist/node/chunks/config.js:28996:14
 ❯ normalizeUrl node_modules/vitest/node_modules/vite/dist/node/chunks/config.js:27119:18
 ❯ node_modules/vitest/node_modules/vite/dist/node/chunks/config.js:27177:32
 ❯ TransformPluginContext.transform node_modules/vitest/node_modules/vite/dist/node/chunks/config.js:27145:4
 ❯ EnvironmentPluginContainer.transform node_modules/vitest/node_modules/vite/dist/node/chunks/config.js:28797:14
 ❯ loadAndTransform node_modules/vitest/node_modules/vite/dist/node/chunks/config.js:22670:26

⎯⎯⎯⎯⎯⎯⎯⎯⎯⎯⎯⎯⎯⎯⎯⎯⎯⎯⎯⎯⎯⎯[28/34]⎯

 FAIL  temp_icons/test/iconsManifest/customsMerger/fileExtensions.test.ts [ temp_icons/test/iconsManifest/customsMerger/fileExtensions.test.ts ]
Error: Failed to resolve import "lodash" from "temp_icons/test/iconsManifest/customsMerger/fileExtensions.test.ts". Does the file exist?
  Plugin: vite:import-analysis
  File: D:/code/oss/agent-artifact-viewer/temp_icons/test/iconsManifest/customsMerger/fileExtensions.test.ts:4:24
  1  |  import { expect } from "chai";
  2  |  import { isEqual } from "lodash";
     |                           ^
  3  |  import * as sinon from "sinon";
  4  |  import { CustomsMerger } from "../../../src/iconsManifest/customsMerger";
 ❯ TransformPluginContext._formatLog node_modules/vitest/node_modules/vite/dist/node/chunks/config.js:28999:43
 ❯ TransformPluginContext.error node_modules/vitest/node_modules/vite/dist/node/chunks/config.js:28996:14
 ❯ normalizeUrl node_modules/vitest/node_modules/vite/dist/node/chunks/config.js:27119:18
 ❯ node_modules/vitest/node_modules/vite/dist/node/chunks/config.js:27177:32
 ❯ TransformPluginContext.transform node_modules/vitest/node_modules/vite/dist/node/chunks/config.js:27145:4
 ❯ EnvironmentPluginContainer.transform node_modules/vitest/node_modules/vite/dist/node/chunks/config.js:28797:14
 ❯ loadAndTransform node_modules/vitest/node_modules/vite/dist/node/chunks/config.js:22670:26

⎯⎯⎯⎯⎯⎯⎯⎯⎯⎯⎯⎯⎯⎯⎯⎯⎯⎯⎯⎯⎯⎯[29/34]⎯

 FAIL  temp_icons/test/iconsManifest/customsMerger/folderExtensions.test.ts [ temp_icons/test/iconsManifest/customsMerger/folderExtensions.test.ts ]
Error: Failed to resolve import "lodash" from "temp_icons/test/iconsManifest/customsMerger/folderExtensions.test.ts". Does the file exist?
  Plugin: vite:import-analysis
  File: D:/code/oss/agent-artifact-viewer/temp_icons/test/iconsManifest/customsMerger/folderExtensions.test.ts:4:24
  1  |  import { expect } from "chai";
  2  |  import { isEqual } from "lodash";
     |                           ^
  3  |  import * as sinon from "sinon";
  4  |  import { CustomsMerger } from "../../../src/iconsManifest/customsMerger";
 ❯ TransformPluginContext._formatLog node_modules/vitest/node_modules/vite/dist/node/chunks/config.js:28999:43
 ❯ TransformPluginContext.error node_modules/vitest/node_modules/vite/dist/node/chunks/config.js:28996:14
 ❯ normalizeUrl node_modules/vitest/node_modules/vite/dist/node/chunks/config.js:27119:18
 ❯ node_modules/vitest/node_modules/vite/dist/node/chunks/config.js:27177:32
 ❯ TransformPluginContext.transform node_modules/vitest/node_modules/vite/dist/node/chunks/config.js:27145:4
 ❯ EnvironmentPluginContainer.transform node_modules/vitest/node_modules/vite/dist/node/chunks/config.js:28797:14
 ❯ loadAndTransform node_modules/vitest/node_modules/vite/dist/node/chunks/config.js:22670:26

⎯⎯⎯⎯⎯⎯⎯⎯⎯⎯⎯⎯⎯⎯⎯⎯⎯⎯⎯⎯⎯⎯[30/34]⎯

 FAIL  temp_icons/test/iconsManifest/customsMerger/presets.test.ts [ temp_icons/test/iconsManifest/customsMerger/presets.test.ts ]
Error: Failed to resolve import "sinon" from "temp_icons/test/iconsManifest/customsMerger/presets.test.ts". Does the file exist?
  Plugin: vite:import-analysis
  File: D:/code/oss/agent-artifact-viewer/temp_icons/test/iconsManifest/customsMerger/presets.test.ts:4:23
  1  |  import { expect } from "chai";
  2  |  import * as sinon from "sinon";
     |                          ^
  3  |  import { CustomsMerger, ManifestReader } from "../../../src/iconsManifest";
  4  |  import {
 ❯ TransformPluginContext._formatLog node_modules/vitest/node_modules/vite/dist/node/chunks/config.js:28999:43
 ❯ TransformPluginContext.error node_modules/vitest/node_modules/vite/dist/node/chunks/config.js:28996:14
 ❯ normalizeUrl node_modules/vitest/node_modules/vite/dist/node/chunks/config.js:27119:18
 ❯ node_modules/vitest/node_modules/vite/dist/node/chunks/config.js:27177:32
 ❯ TransformPluginContext.transform node_modules/vitest/node_modules/vite/dist/node/chunks/config.js:27145:4
 ❯ EnvironmentPluginContainer.transform node_modules/vitest/node_modules/vite/dist/node/chunks/config.js:28797:14
 ❯ loadAndTransform node_modules/vitest/node_modules/vite/dist/node/chunks/config.js:22670:26

⎯⎯⎯⎯⎯⎯⎯⎯⎯⎯⎯⎯⎯⎯⎯⎯⎯⎯⎯⎯⎯⎯[31/34]⎯

 FAIL  temp_icons/test/iconsManifest/manifestReader/manifestReader.test.ts [ temp_icons/test/iconsManifest/manifestReader/manifestReader.test.ts ]
Error: Failed to resolve import "sinon" from "temp_icons/test/iconsManifest/manifestReader/manifestReader.test.ts". Does the file exist?
  Plugin: vite:import-analysis
  File: D:/code/oss/agent-artifact-viewer/temp_icons/test/iconsManifest/manifestReader/manifestReader.test.ts:4:23
  1  |  import { expect } from "chai";
  2  |  import * as sinon from "sinon";
     |                          ^
  3  |  import * as fsAsync from "../../../src/common/fsAsync";
  4  |  import { ManifestReader } from "../../../src/iconsManifest";
 ❯ TransformPluginContext._formatLog node_modules/vitest/node_modules/vite/dist/node/chunks/config.js:28999:43
 ❯ TransformPluginContext.error node_modules/vitest/node_modules/vite/dist/node/chunks/config.js:28996:14
 ❯ normalizeUrl node_modules/vitest/node_modules/vite/dist/node/chunks/config.js:27119:18
 ❯ node_modules/vitest/node_modules/vite/dist/node/chunks/config.js:27177:32
 ❯ TransformPluginContext.transform node_modules/vitest/node_modules/vite/dist/node/chunks/config.js:27145:4
 ❯ EnvironmentPluginContainer.transform node_modules/vitest/node_modules/vite/dist/node/chunks/config.js:28797:14
 ❯ loadAndTransform node_modules/vitest/node_modules/vite/dist/node/chunks/config.js:22670:26

⎯⎯⎯⎯⎯⎯⎯⎯⎯⎯⎯⎯⎯⎯⎯⎯⎯⎯⎯⎯⎯⎯[32/34]⎯

 FAIL  temp_icons/test/iconsManifest/manifestBuilder/files.test.ts [ temp_icons/test/iconsManifest/manifestBuilder/files.test.ts ]
Error: Failed to resolve import "lodash" from "temp_icons/test/iconsManifest/manifestBuilder/files.test.ts". Does the file exist?
  Plugin: vite:import-analysis
  File: D:/code/oss/agent-artifact-viewer/temp_icons/test/iconsManifest/manifestBuilder/files.test.ts:4:26
  1  |  import { expect } from "chai";
  2  |  import { cloneDeep } from "lodash";
     |                             ^
  3  |  import * as sinon from "sinon";
  4  |  import * as fsAsync from "../../../src/common/fsAsync";
 ❯ TransformPluginContext._formatLog node_modules/vitest/node_modules/vite/dist/node/chunks/config.js:28999:43
 ❯ TransformPluginContext.error node_modules/vitest/node_modules/vite/dist/node/chunks/config.js:28996:14
 ❯ normalizeUrl node_modules/vitest/node_modules/vite/dist/node/chunks/config.js:27119:18
 ❯ node_modules/vitest/node_modules/vite/dist/node/chunks/config.js:27177:32
 ❯ TransformPluginContext.transform node_modules/vitest/node_modules/vite/dist/node/chunks/config.js:27145:4
 ❯ EnvironmentPluginContainer.transform node_modules/vitest/node_modules/vite/dist/node/chunks/config.js:28797:14
 ❯ loadAndTransform node_modules/vitest/node_modules/vite/dist/node/chunks/config.js:22670:26

⎯⎯⎯⎯⎯⎯⎯⎯⎯⎯⎯⎯⎯⎯⎯⎯⎯⎯⎯⎯⎯⎯[33/34]⎯

 FAIL  temp_icons/test/iconsManifest/manifestBuilder/folders.test.ts [ temp_icons/test/iconsManifest/manifestBuilder/folders.test.ts ]
Error: Failed to resolve import "lodash" from "temp_icons/test/iconsManifest/manifestBuilder/folders.test.ts". Does the file exist?
  Plugin: vite:import-analysis
  File: D:/code/oss/agent-artifact-viewer/temp_icons/test/iconsManifest/manifestBuilder/folders.test.ts:4:26
  1  |  import { expect } from "chai";
  2  |  import { cloneDeep } from "lodash";
     |                             ^
  3  |  import * as sinon from "sinon";
  4  |  import * as fsAsync from "../../../src/common/fsAsync";
 ❯ TransformPluginContext._formatLog node_modules/vitest/node_modules/vite/dist/node/chunks/config.js:28999:43
 ❯ TransformPluginContext.error node_modules/vitest/node_modules/vite/dist/node/chunks/config.js:28996:14
 ❯ normalizeUrl node_modules/vitest/node_modules/vite/dist/node/chunks/config.js:27119:18
 ❯ node_modules/vitest/node_modules/vite/dist/node/chunks/config.js:27177:32
 ❯ TransformPluginContext.transform node_modules/vitest/node_modules/vite/dist/node/chunks/config.js:27145:4
 ❯ EnvironmentPluginContainer.transform node_modules/vitest/node_modules/vite/dist/node/chunks/config.js:28797:14
 ❯ loadAndTransform node_modules/vitest/node_modules/vite/dist/node/chunks/config.js:22670:26

⎯⎯⎯⎯⎯⎯⎯⎯⎯⎯⎯⎯⎯⎯⎯⎯⎯⎯⎯⎯⎯⎯[34/34]⎯


[2m Test Files [22m [1m[31m34 failed[39m[22m[90m (34)[39m
[2m      Tests [22m [2mno tests[22m
[2m   Start at [22m 00:49:06
[2m   Duration [22m 6.28s[2m (transform 52ms, setup 7.27s, import 0ms, tests 0ms, environment 147.18s)[22m

